>>> add_integer = __import__('0-add_integer').add_integer
>>> add_integer()
Traceback (most recent call last):
...
TypeError: add_integer() missing 1 required positional argument: 'a'
>>> add_integer([])
Traceback (most recent call last):
...
TypeError: a must be an integer
>>> add_integer(2)
100
>>> add_integer(2.5)
100
>>> add_integer(4, [])
Traceback (most recent call last):
...
TypeError: b must be an integer
>>> add_integer(4, 4)
8
>>> add_integer(4, 4.4)
8
>>> add_integer(float('inf'))
Traceback (most recent call last):
...
OverflowError: cannot convert float infinity to integer
>>> add_integer(float('nan'))
Traceback (most recent call last):
...
ValueError: cannot convert float NaN to integer
